[debug] [2026-05-26T09:41:41.897Z] ----------------------------------------------------------------------
[debug] [2026-05-26T09:41:41.899Z] Command:       C:\Program Files\nodejs\node.exe C:\Users\saiel\AppData\Roaming\npm\node_modules\firebase-tools\lib\bin\firebase.js emulators:start --only functions
[debug] [2026-05-26T09:41:41.900Z] CLI Version:   15.18.0
[debug] [2026-05-26T09:41:41.900Z] Platform:      win32
[debug] [2026-05-26T09:41:41.900Z] Node Version:  v24.16.0
[debug] [2026-05-26T09:41:41.900Z] Time:          Tue May 26 2026 11:41:41 GMT+0200 (hora de verano de Europa central)
[debug] [2026-05-26T09:41:41.900Z] ----------------------------------------------------------------------
[debug] 
[debug] [2026-05-26T09:41:42.932Z] > command requires scopes: ["email","openid","https://www.googleapis.com/auth/cloudplatformprojects.readonly","https://www.googleapis.com/auth/firebase","https://www.googleapis.com/auth/cloud-platform"]
[debug] [2026-05-26T09:41:42.932Z] > authorizing via signed-in user (damfpgs@gmail.com)
[info] i  emulators: Starting emulators: functions {"metadata":{"emulator":{"name":"hub"},"message":"Starting emulators: functions"}}
[debug] [2026-05-26T09:41:42.944Z] [logging] Logging Emulator only supports listening on one address (127.0.0.1). Not listening on ::1
[debug] [2026-05-26T09:41:42.944Z] assigned listening specs for emulators {"user":{"hub":[{"address":"127.0.0.1","family":"IPv4","port":4400},{"address":"::1","family":"IPv6","port":4400}],"ui":[{"address":"127.0.0.1","family":"IPv4","port":4000},{"address":"::1","family":"IPv6","port":4000}],"logging":[{"address":"127.0.0.1","family":"IPv4","port":4500}]},"metadata":{"message":"assigned listening specs for emulators"}}
[debug] [2026-05-26T09:41:42.947Z] Write emulator hub locator at C:\Users\saiel\AppData\Local\Temp\hub-petfect-bcdbc.json
[debug] [2026-05-26T09:41:42.957Z] [functions] Functions Emulator only supports listening on one address (127.0.0.1). Not listening on ::1
[debug] [2026-05-26T09:41:42.957Z] [eventarc] Eventarc Emulator only supports listening on one address (127.0.0.1). Not listening on ::1
[debug] [2026-05-26T09:41:42.957Z] [tasks] Cloud Tasks Emulator only supports listening on one address (127.0.0.1). Not listening on ::1
[debug] [2026-05-26T09:41:42.957Z] late-assigned ports for functions and eventarc emulators {"user":{"hub":[{"address":"127.0.0.1","family":"IPv4","port":4400},{"address":"::1","family":"IPv6","port":4400}],"ui":[{"address":"127.0.0.1","family":"IPv4","port":4000},{"address":"::1","family":"IPv6","port":4000}],"logging":[{"address":"127.0.0.1","family":"IPv4","port":4500}],"functions":[{"address":"127.0.0.1","family":"IPv4","port":5001}],"eventarc":[{"address":"127.0.0.1","family":"IPv4","port":9299}],"tasks":[{"address":"127.0.0.1","family":"IPv4","port":9499}]},"metadata":{"message":"late-assigned ports for functions and eventarc emulators"}}
[warn] !  functions: The following emulators are not running, calls to these services from the Functions emulator will affect production: apphosting, auth, firestore, database, hosting, pubsub, storage, dataconnect {"metadata":{"emulator":{"name":"functions"},"message":"The following emulators are not running, calls to these services from the Functions emulator will affect production: \u001b[1mapphosting, auth, firestore, database, hosting, pubsub, storage, dataconnect\u001b[22m"}}
[debug] [2026-05-26T09:41:42.979Z] defaultcredentials: writing to file C:\Users\saiel\AppData\Roaming\firebase\damfpgs_gmail_com_application_default_credentials.json
[debug] [2026-05-26T09:41:42.980Z] Setting GAC to C:\Users\saiel\AppData\Roaming\firebase\damfpgs_gmail_com_application_default_credentials.json {"metadata":{"emulator":{"name":"functions"},"message":"Setting GAC to C:\\Users\\saiel\\AppData\\Roaming\\firebase\\damfpgs_gmail_com_application_default_credentials.json"}}
[debug] [2026-05-26T09:41:42.982Z] Checked if tokens are valid: false, expires at: 1779786521023
[debug] [2026-05-26T09:41:42.982Z] Checked if tokens are valid: false, expires at: 1779786521023
[debug] [2026-05-26T09:41:42.982Z] > refreshing access token with scopes: []
[debug] [2026-05-26T09:41:42.983Z] >>> [apiv2][query] POST https://www.googleapis.com/oauth2/v3/token [none]
[debug] [2026-05-26T09:41:42.983Z] >>> [apiv2][body] POST https://www.googleapis.com/oauth2/v3/token [omitted]
[debug] [2026-05-26T09:41:43.097Z] <<< [apiv2][status] POST https://www.googleapis.com/oauth2/v3/token 200
[debug] [2026-05-26T09:41:43.097Z] <<< [apiv2][body] POST https://www.googleapis.com/oauth2/v3/token [omitted]
[debug] [2026-05-26T09:41:43.112Z] >>> [apiv2][query] GET https://firebase.googleapis.com/v1beta1/projects/petfect-bcdbc/adminSdkConfig [none]
[debug] [2026-05-26T09:41:43.427Z] <<< [apiv2][status] GET https://firebase.googleapis.com/v1beta1/projects/petfect-bcdbc/adminSdkConfig 200
[debug] [2026-05-26T09:41:43.427Z] <<< [apiv2][body] GET https://firebase.googleapis.com/v1beta1/projects/petfect-bcdbc/adminSdkConfig {"projectId":"petfect-bcdbc","storageBucket":"petfect-bcdbc.firebasestorage.app"}
[info] i  functions: Watching "C:\Users\saiel\AndroidStudioProjects\PetFect\functions" for Cloud Functions... {"metadata":{"emulator":{"name":"functions"},"message":"Watching \"C:\\Users\\saiel\\AndroidStudioProjects\\PetFect\\functions\" for Cloud Functions..."}}
[debug] [2026-05-26T09:41:43.450Z] Validating nodejs source
[debug] [2026-05-26T09:41:44.554Z] > [functions] package.json contents: {
  "name": "functions",
  "description": "Cloud Functions for Firebase",
  "scripts": {
    "lint": "eslint .",
    "serve": "firebase emulators:start --only functions",
    "shell": "firebase functions:shell",
    "start": "npm run shell",
    "deploy": "firebase deploy --only functions",
    "logs": "firebase functions:log"
  },
  "engines": {
    "node": "24"
  },
  "main": "index.js",
  "dependencies": {
    "firebase-admin": "^13.6.0",
    "firebase-functions": "^7.0.0"
  },
  "devDependencies": {
    "eslint": "^8.15.0",
    "eslint-config-google": "^0.14.0",
    "firebase-functions-test": "^3.4.1"
  },
  "private": true
}
[debug] [2026-05-26T09:41:44.554Z] Building nodejs source
[debug] [2026-05-26T09:41:44.555Z] Failed to find version of module node: reached end of search path C:\Users\saiel\AndroidStudioProjects\PetFect\functions\node_modules
[info] +  functions: Using node@24 from host. 
[debug] [2026-05-26T09:41:44.558Z] Could not find functions.yaml. Must use http discovery
[debug] [2026-05-26T09:41:44.577Z] Found firebase-functions binary at 'C:\Users\saiel\AndroidStudioProjects\PetFect\functions\node_modules\.bin\firebase-functions'
[info] Serving at port 8882

[debug] [2026-05-26T09:41:45.192Z] Got response from /__/functions.yaml {"endpoints":{"onPetCreated":{"availableMemoryMb":null,"timeoutSeconds":null,"minInstances":null,"maxInstances":null,"ingressSettings":null,"concurrency":null,"serviceAccountEmail":null,"vpc":null,"platform":"gcfv2","labels":{},"eventTrigger":{"eventType":"google.cloud.firestore.document.v1.created","eventFilters":{"database":"(default)","namespace":"(default)"},"eventFilterPathPatterns":{"document":"pets/{petId}"},"retry":false},"entryPoint":"onPetCreated"}},"specVersion":"v1alpha1","requiredAPIs":[],"extensions":{}}
[info] +  functions: Loaded functions definitions from source: onPetCreated. {"metadata":{"emulator":{"name":"functions"},"message":"Loaded functions definitions from source: onPetCreated."}}
[info] i  functions[us-central1-onPetCreated]: function ignored because the firestore emulator does not exist or is not running. {"metadata":{"emulator":{"name":"functions"},"message":"function ignored because the firestore emulator does not exist or is not running."}}
[debug] [2026-05-26T09:41:49.258Z] Could not find VSCode notification endpoint: FetchError: request to http://localhost:40001/vscode/notify failed, reason: . If you are not running the Firebase SQL Connect VSCode extension, this is expected and not an issue.
[info] 
┌─────────────────────────────────────────────────────────────┐
│ ✔  All emulators ready! It is now safe to connect your app. │
│ i  View Emulator UI at http://127.0.0.1:4000/               │
└─────────────────────────────────────────────────────────────┘

┌───────────┬────────────────┬─────────────────────────────────┐
│ Emulator  │ Host:Port      │ View in Emulator UI             │
├───────────┼────────────────┼─────────────────────────────────┤
│ Functions │ 127.0.0.1:5001 │ http://127.0.0.1:4000/functions │
└───────────┴────────────────┴─────────────────────────────────┘
  Emulator Hub host: 127.0.0.1 port: 4400
  Other reserved ports: 4500

Issues? Report them at https://github.com/firebase/firebase-tools/issues and attach the *-debug.log files.
 
[debug] [2026-05-26T13:24:06.950Z] File C:\Users\saiel\AndroidStudioProjects\PetFect\functions\index.js changed, reloading triggers {"metadata":{"emulator":{"name":"functions"},"message":"File C:\\Users\\saiel\\AndroidStudioProjects\\PetFect\\functions\\index.js changed, reloading triggers"}}
[debug] [2026-05-26T13:24:08.044Z] Validating nodejs source
[debug] [2026-05-26T13:24:09.494Z] > [functions] package.json contents: {
  "name": "functions",
  "description": "Cloud Functions for Firebase",
  "scripts": {
    "lint": "eslint .",
    "serve": "firebase emulators:start --only functions",
    "shell": "firebase functions:shell",
    "start": "npm run shell",
    "deploy": "firebase deploy --only functions",
    "logs": "firebase functions:log"
  },
  "engines": {
    "node": "24"
  },
  "main": "index.js",
  "dependencies": {
    "firebase-admin": "^13.6.0",
    "firebase-functions": "^7.0.0"
  },
  "devDependencies": {
    "eslint": "^8.15.0",
    "eslint-config-google": "^0.14.0",
    "firebase-functions-test": "^3.4.1"
  },
  "private": true
}
[debug] [2026-05-26T13:24:09.495Z] Building nodejs source
[debug] [2026-05-26T13:24:09.497Z] Failed to find version of module node: reached end of search path C:\Users\saiel\AndroidStudioProjects\PetFect\functions\node_modules
[info] +  functions: Using node@24 from host. 
[debug] [2026-05-26T13:24:09.518Z] Could not find functions.yaml. Must use http discovery
[debug] [2026-05-26T13:24:09.548Z] Found firebase-functions binary at 'C:\Users\saiel\AndroidStudioProjects\PetFect\functions\node_modules\.bin\firebase-functions'
[info] Serving at port 8036

[debug] [2026-05-26T13:24:10.281Z] Got response from /__/functions.yaml {"endpoints":{"onMascotaCreated":{"availableMemoryMb":null,"timeoutSeconds":null,"minInstances":null,"maxInstances":null,"ingressSettings":null,"concurrency":null,"serviceAccountEmail":null,"vpc":null,"platform":"gcfv2","labels":{},"eventTrigger":{"eventType":"google.cloud.firestore.document.v1.created","eventFilters":{"database":"(default)","namespace":"(default)"},"eventFilterPathPatterns":{"document":"mascotas/{mascotaId}"},"retry":false},"entryPoint":"onMascotaCreated"}},"specVersion":"v1alpha1","requiredAPIs":[],"extensions":{}}
[info] +  functions: Loaded functions definitions from source: onMascotaCreated. {"metadata":{"emulator":{"name":"functions"},"message":"Loaded functions definitions from source: onMascotaCreated."}}
[info] i  functions[us-central1-onMascotaCreated]: function ignored because the firestore emulator does not exist or is not running. {"metadata":{"emulator":{"name":"functions"},"message":"function ignored because the firestore emulator does not exist or is not running."}}
